// Jest Snapshot v1, https://goo.gl/fbAQLP

exports[`AppSnackbar.vue should match snapshot 1`] = `
<div class="text-center">
  <div class="v-snack mb-15 v-snack--active v-snack--bottom v-snack--has-background" id="snackbar-message">
    <transition-stub name="v-snack-transition">
      <div class="v-snack__wrapper v-sheet theme--dark elevation-12 deep-purple accent-4">
        <div role="status" aria-live="polite" class="v-snack__content">
          Test

        </div>
        <div class="v-snack__action "><button type="button" class="v-btn v-btn--text theme--dark v-size--default v-snack__btn" id="snackbar-close-button"><span class="v-btn__content">
				Close
			</span></button></div>
      </div>
    </transition-stub>
  </div>
</div>
`;
