// Jest Snapshot v1, https://goo.gl/fbAQLP

exports[`BuildingsTable.vue should match snapshot 1`] = `
<div id="buildings-table-container" class="mb-16">
  <div class="v-data-table elevation-2 px-10 text-xl-h4 v-data-table--has-top v-data-table--has-bottom theme--light" id="buildings-table">
    <header class="v-sheet theme--light v-toolbar v-toolbar--flat" style="height: 64px;">
      <div class="v-toolbar__content" style="height: 64px;">
        <div class="spacer"></div>
        <div class="v-dialog__container"><button type="button" class="mb-2 px-8 v-btn v-btn--is-elevated v-btn--has-bg theme--dark v-size--default green" role="button" aria-haspopup="true" aria-expanded="false"><span class="v-btn__content">
			Add building
		</span></button>
          <!---->
        </div>
        <div class="v-dialog__container">
          <!---->
        </div>
      </div>
    </header>
    <div class="v-data-table__wrapper">
      <table>
        <colgroup>
          <col class="">
          <col class="">
          <col class="">
          <col class="">
          <col class="">
          <col class="">
          <col class="">
        </colgroup>
        <thead class="v-data-table-header">
          <tr>
            <th role="columnheader" scope="col" aria-label="ID: Not sorted. Activate to sort ascending." aria-sort="none" class="text-start sortable"><span>ID</span><i aria-hidden="true" class="v-icon notranslate v-data-table-header__icon mdi mdi-arrow-up theme--light" style="font-size: 18px;"></i></th>
            <th role="columnheader" scope="col" aria-label="Name: Not sorted. Activate to sort ascending." aria-sort="none" class="text-start sortable"><span>Name</span><i aria-hidden="true" class="v-icon notranslate v-data-table-header__icon mdi mdi-arrow-up theme--light" style="font-size: 18px;"></i></th>
            <th role="columnheader" scope="col" aria-label="Area: Not sorted. Activate to sort ascending." aria-sort="none" class="text-start sortable"><span>Area</span><i aria-hidden="true" class="v-icon notranslate v-data-table-header__icon mdi mdi-arrow-up theme--light" style="font-size: 18px;"></i></th>
            <th role="columnheader" scope="col" aria-label="Location: Not sorted. Activate to sort ascending." aria-sort="none" class="text-start sortable"><span>Location</span><i aria-hidden="true" class="v-icon notranslate v-data-table-header__icon mdi mdi-arrow-up theme--light" style="font-size: 18px;"></i></th>
            <th role="columnheader" scope="col" aria-label="Type: Not sorted. Activate to sort ascending." aria-sort="none" class="text-start sortable"><span>Type</span><i aria-hidden="true" class="v-icon notranslate v-data-table-header__icon mdi mdi-arrow-up theme--light" style="font-size: 18px;"></i></th>
            <th role="columnheader" scope="col" aria-label="Image" class="text-center"><span>Image</span></th>
            <th role="columnheader" scope="col" aria-label="" class="text-end"><span></span></th>
          </tr>
        </thead>
        <tbody>
          <tr class="">
            <td class="text-start">2</td>
            <td class="text-start">Luxury house 3</td>
            <td class="text-start">55</td>
            <td class="text-start">Sofia</td>
            <td class="text-start">residential</td>
            <td class="text-center">
              <div class="d-flex justify-center align-center py-1">
                <div aria-label="Type - residential" role="img" class="v-image v-responsive pt-5 mt-2 theme--light" style="max-height: 60px; max-width: 60px;" title="Residential">
                  <div class="v-responsive__content"></div>
                </div>
              </div>
            </td>
            <td class="text-end"><button type="button" id="edit-building-button-0" class="v-icon notranslate mr-2 v-icon--link mdi mdi-pencil theme--light"></button> <button type="button" id="delete-building-button-0" class="v-icon notranslate v-icon--link mdi mdi-delete theme--light"></button></td>
          </tr>
          <tr class="">
            <td class="text-start">2</td>
            <td class="text-start">Luxury house 3</td>
            <td class="text-start">55</td>
            <td class="text-start">Sofia</td>
            <td class="text-start">educational</td>
            <td class="text-center">
              <div class="d-flex justify-center align-center py-1">
                <div aria-label="Type - educational" role="img" class="v-image v-responsive pt-5 mt-2 theme--light" style="max-height: 60px; max-width: 60px;" title="Educational">
                  <div class="v-responsive__content"></div>
                </div>
              </div>
            </td>
            <td class="text-end"><button type="button" id="edit-building-button-1" class="v-icon notranslate mr-2 v-icon--link mdi mdi-pencil theme--light"></button> <button type="button" id="delete-building-button-1" class="v-icon notranslate v-icon--link mdi mdi-delete theme--light"></button></td>
          </tr>
        </tbody>
      </table>
    </div>
    <div class="v-data-footer">
      <div class="v-data-footer__select">Rows per page:<div class="v-input v-input--hide-details v-input--is-label-active v-input--is-dirty theme--light v-text-field v-select">
          <div class="v-input__control">
            <div role="button" aria-haspopup="listbox" aria-expanded="false" aria-owns="list-443" class="v-input__slot">
              <div class="v-select__slot">
                <div class="v-select__selections">
                  <div class="v-select__selection v-select__selection--comma">10</div><input aria-label="Rows per page:" id="input-443" readonly="readonly" type="text" aria-readonly="false" autocomplete="off">
                </div>
                <div class="v-input__append-inner">
                  <div class="v-input__icon v-input__icon--append"><i aria-hidden="true" class="v-icon notranslate mdi mdi-menu-down theme--light"></i></div>
                </div><input type="hidden" value="10">
              </div>
              <div class="v-menu">
                <!---->
              </div>
            </div>
          </div>
        </div>
      </div>
      <div class="v-data-footer__pagination">1-2 of 2</div>
      <div class="v-data-footer__icons-before"><button type="button" disabled="disabled" class="v-btn v-btn--disabled v-btn--icon v-btn--round v-btn--text theme--light v-size--default" aria-label="Previous page"><span class="v-btn__content"><i aria-hidden="true" class="v-icon notranslate mdi mdi-chevron-left theme--light"></i></span></button></div>
      <div class="v-data-footer__icons-after"><button type="button" disabled="disabled" class="v-btn v-btn--disabled v-btn--icon v-btn--round v-btn--text theme--light v-size--default" aria-label="Next page"><span class="v-btn__content"><i aria-hidden="true" class="v-icon notranslate mdi mdi-chevron-right theme--light"></i></span></button></div>
    </div>
  </div>
</div>
`;
