// Jest Snapshot v1, https://goo.gl/fbAQLP

exports[`Buildings.vue should match snapshot 1`] = `
<div>
  <header class="px-md-10 px-sm-0 px-xs-0 v-sheet theme--light v-toolbar v-toolbar--dense v-app-bar v-app-bar--fixed" style="height: 48px; margin-top: 0px; transform: translateY(0px); left: 0px; right: 0px;">
    <div class="v-toolbar__content" style="height: 48px;">
      <div class="v-toolbar__title">
        Welcome
      </div>
      <div class="spacer"></div> <i aria-hidden="true" class="v-icon notranslate mdi mdi-account-circle theme--light" style="font-size: 40px;"></i>
    </div>
  </header>
  <div>
    <main class="v-main mt-5" style="padding: 48px 0px 0px 0px;">
      <div class="v-main__wrap">
        <div class="container">
          <div id="buildings-table-container" class="mb-16">
            <div class="v-data-table elevation-2 px-10 text-xl-h4 v-data-table--has-top v-data-table--has-bottom theme--light" id="buildings-table">
              <header class="v-sheet theme--light v-toolbar v-toolbar--flat" style="height: 64px;">
                <div class="v-toolbar__content" style="height: 64px;">
                  <div class="spacer"></div>
                  <div class="v-dialog__container"><button type="button" class="mb-2 px-8 v-btn v-btn--is-elevated v-btn--has-bg theme--dark v-size--default green" role="button" aria-haspopup="true" aria-expanded="false"><span class="v-btn__content">
			Add building
		</span></button>
                    <!---->
                  </div>
                  <div class="v-dialog__container">
                    <!---->
                  </div>
                </div>
              </header>
              <div class="v-data-table__wrapper">
                <table>
                  <colgroup>
                    <col class="">
                    <col class="">
                    <col class="">
                    <col class="">
                    <col class="">
                    <col class="">
                    <col class="">
                  </colgroup>
                  <thead class="v-data-table-header">
                    <tr>
                      <th role="columnheader" scope="col" aria-label="ID: Not sorted. Activate to sort ascending." aria-sort="none" class="text-start sortable"><span>ID</span><i aria-hidden="true" class="v-icon notranslate v-data-table-header__icon mdi mdi-arrow-up theme--light" style="font-size: 18px;"></i></th>
                      <th role="columnheader" scope="col" aria-label="Name: Not sorted. Activate to sort ascending." aria-sort="none" class="text-start sortable"><span>Name</span><i aria-hidden="true" class="v-icon notranslate v-data-table-header__icon mdi mdi-arrow-up theme--light" style="font-size: 18px;"></i></th>
                      <th role="columnheader" scope="col" aria-label="Area: Not sorted. Activate to sort ascending." aria-sort="none" class="text-start sortable"><span>Area</span><i aria-hidden="true" class="v-icon notranslate v-data-table-header__icon mdi mdi-arrow-up theme--light" style="font-size: 18px;"></i></th>
                      <th role="columnheader" scope="col" aria-label="Location: Not sorted. Activate to sort ascending." aria-sort="none" class="text-start sortable"><span>Location</span><i aria-hidden="true" class="v-icon notranslate v-data-table-header__icon mdi mdi-arrow-up theme--light" style="font-size: 18px;"></i></th>
                      <th role="columnheader" scope="col" aria-label="Type: Not sorted. Activate to sort ascending." aria-sort="none" class="text-start sortable"><span>Type</span><i aria-hidden="true" class="v-icon notranslate v-data-table-header__icon mdi mdi-arrow-up theme--light" style="font-size: 18px;"></i></th>
                      <th role="columnheader" scope="col" aria-label="Image" class="text-center"><span>Image</span></th>
                      <th role="columnheader" scope="col" aria-label="" class="text-end"><span></span></th>
                    </tr>
                  </thead>
                  <tbody>
                    <tr class="v-data-table__empty-wrapper">
                      <td colspan="7">No data available</td>
                    </tr>
                  </tbody>
                </table>
              </div>
              <div class="v-data-footer">
                <div class="v-data-footer__select">Rows per page:<div class="v-input v-input--hide-details v-input--is-label-active v-input--is-dirty theme--light v-text-field v-select">
                    <div class="v-input__control">
                      <div role="button" aria-haspopup="listbox" aria-expanded="false" aria-owns="list-84" class="v-input__slot">
                        <div class="v-select__slot">
                          <div class="v-select__selections">
                            <div class="v-select__selection v-select__selection--comma">10</div><input aria-label="Rows per page:" id="input-84" readonly="readonly" type="text" aria-readonly="false" autocomplete="off">
                          </div>
                          <div class="v-input__append-inner">
                            <div class="v-input__icon v-input__icon--append"><i aria-hidden="true" class="v-icon notranslate mdi mdi-menu-down theme--light"></i></div>
                          </div><input type="hidden" value="10">
                        </div>
                        <div class="v-menu">
                          <!---->
                        </div>
                      </div>
                    </div>
                  </div>
                </div>
                <div class="v-data-footer__pagination">â€“</div>
                <div class="v-data-footer__icons-before"><button type="button" disabled="disabled" class="v-btn v-btn--disabled v-btn--icon v-btn--round v-btn--text theme--light v-size--default" aria-label="Previous page"><span class="v-btn__content"><i aria-hidden="true" class="v-icon notranslate mdi mdi-chevron-left theme--light"></i></span></button></div>
                <div class="v-data-footer__icons-after"><button type="button" disabled="disabled" class="v-btn v-btn--disabled v-btn--icon v-btn--round v-btn--text theme--light v-size--default" aria-label="Next page"><span class="v-btn__content"><i aria-hidden="true" class="v-icon notranslate mdi mdi-chevron-right theme--light"></i></span></button></div>
              </div>
            </div>
          </div>
        </div>
      </div>
    </main>
    <nav class="v-navigation-drawer v-navigation-drawer--close v-navigation-drawer--fixed v-navigation-drawer--is-mobile theme--light" style="height: 100vh; top: 0px; transform: translateX(-100%); width: 256px;">
      <div class="v-navigation-drawer__content">
        <div class="v-list v-sheet theme--light">
          <router-link tabindex="0" id="mobile-navigation-Home" class="v-list-item v-list-item--link theme--light">
            <div class="v-list-item__action"><i aria-hidden="true" class="v-icon notranslate mdi mdi-home-circle theme--light"></i></div>
            <div class="v-list-item__content">Home</div>
          </router-link>
          <router-link tabindex="0" id="mobile-navigation-Buildings" class="v-list-item v-list-item--link theme--light">
            <div class="v-list-item__action"><i aria-hidden="true" class="v-icon notranslate mdi mdi-office-building theme--light"></i></div>
            <div class="v-list-item__content">Buildings</div>
          </router-link>
        </div>
      </div>
      <div class="v-navigation-drawer__border"></div>
    </nav>
    <header class="px-md-10 px-sm-0 px-xs-0 v-sheet theme--dark v-toolbar v-toolbar--bottom" style="width: 100%; height: 64px; position: fixed;">
      <div class="v-toolbar__content" style="height: 64px;"><span class="hidden-md-and-up"><button type="button" class="v-app-bar__nav-icon v-btn v-btn--icon v-btn--round theme--dark v-size--default"><span class="v-btn__content"><i aria-hidden="true" class="v-icon notranslate mdi mdi-menu theme--dark"></i></span></button></span> <button type="button" class="hidden-sm-and-down v-btn v-btn--text theme--dark v-size--x-large" id="navigation-home"><span class="v-btn__content"><i aria-hidden="true" class="v-icon notranslate v-icon--left mdi mdi-home-circle theme--dark"></i>
			Home
		</span></button><button type="button" class="hidden-sm-and-down v-btn v-btn--text theme--dark v-size--x-large" id="navigation-buildings"><span class="v-btn__content"><i aria-hidden="true" class="v-icon notranslate v-icon--left mdi mdi-office-building theme--dark"></i>
			Buildings
		</span></button>
        <div class="spacer"></div>
        <div class="v-toolbar__title">
          <h3 id="app-title-navigation" style="cursor: pointer;">
            Buildings App
          </h3>
        </div>
      </div>
    </header>
  </div>
</div>
`;
